[247artists.com/index.html]
[247artists.com/wp-content/themes/creatorspc/static/favicon/favicon-96x96.png]
[247artists.com/wp-content/themes/creatorspc/static/favicon/favicon.svg]
[247artists.com/wp-content/themes/creatorspc/static/favicon/favicon.ico]
[247artists.com/wp-content/themes/creatorspc/static/favicon/apple-touch-icon.png]
[backblue.gif]
[fade.gif]
[index.html]
[247artists.com/wp-content/uploads/2025/02/dsc01130_53897734379_o-720x480.jpg]
[247artists.com/wp-content/uploads/2025/03/247-artists.jpg]
[247artists.com/wp-content/themes/creatorspc/static/fonts/gellix8a54.css]
[247artists.com/wp-content/themes/creatorspc/build/css/main1759.css]
[247artists.com/wp-content/themes/creatorspc/build/css/components/site-head-home1759.css]
[247artists.com/wp-content/themes/creatorspc/build/css/components/b-nav-wrapper1759.css]
[247artists.com/wp-content/themes/creatorspc/build/css/components/btn-cta1759.css]
[247artists.com/wp-content/themes/creatorspc/build/css/components/site-foot-alt1759.css]
[247artists.com/wp-content/themes/creatorspc/build/css/components/s-hero-events1759.css]
[247artists.com/wp-content/themes/creatorspc/build/css/components/s-hero-article1759.css]
[247artists.com/wp-content/themes/creatorspc/build/css/components/s-hero-home1759.css]
[247artists.com/wp-content/themes/creatorspc/build/css/components/site-foot1759.css]
[247artists.com/wp-content/themes/creatorspc/build/css/components/s-hero-event1759.css]
[247artists.com/wp-content/themes/creatorspc/build/css/components/s-hero-lp1759.css]
[247artists.com/wp-content/themes/creatorspc/build/css/components/site-scrollbar1759.css]
[247artists.com/wp-content/themes/creatorspc/build/css/components/site-head1759.css]
[247artists.com/wp-content/themes/creatorspc/build/css/components/btn-simple1759.css]
[247artists.com/wp-content/themes/creatorspc/build/css/layouts/front-page1759.css]
[247artists.com/wp-content/plugins/incredibles-cookie-consent/assets/css/frontc64e.css]
[247artists.com/wp-includes/css/dist/components/style.min7cf5.css]
[247artists.com/wp-content/mu-plugins/vendor/wpex/godaddy-launch/includes/Dependencies/GoDaddy/Styles/build/latest4c56.css]
[247artists.com/wp-content/themes/creatorspc/build/css/no-script1759.css]
[247artists.com/wp-content/plugins/incredibles-cookie-consent/assets/js/front.minc64e.js]
[247artists.com/wp-content/themes/creatorspc/static/images/logo-247.svg]
[247artists.com/wp-content/themes/creatorspc/static/images/logo-247artists.svg]
[247artists.com/wp-content/themes/creatorspc/static/images/icon-social-facebook.svg]
[247artists.com/workshops/index.html]
[247artists.com/blog/index.html]
[247artists.com/wp-content/themes/creatorspc/static/images/icon-social-instagram.svg]
[247artists.com/events/index.html]
[247artists.com/legal-notice/index.html]
[247artists.com/about-us/index.html]
[247artists.com/wp-content/themes/creatorspc/static/images/icon-social-x.svg]
[247artists.com/wp-content/uploads/2025/02/00-ld.mp4]
[247artists.com/wp-content/themes/creatorspc/static/images/icon-social-youtube.svg]
[247artists.com/wp-content/uploads/2025/02/01-ld.mp4]
[247artists.com/wp-content/uploads/2025/02/02-ld.mp4]
[247artists.com/wp-content/uploads/2025/02/03-ld.mp4]
[247artists.com/wp-content/uploads/2025/02/Splits-v1-720x721.jpg]
[247artists.com/wp-content/uploads/2025/02/Splits-v2-720x721.jpg]
[247artists.com/wp-content/uploads/2025/02/Agreements-v2-720x721.jpg]
[247artists.com/wp-content/uploads/2025/02/Agreements-v1-720x721.jpg]
[247artists.com/wp-content/uploads/2025/02/Catalog-v1-720x720.jpg]
[247artists.com/wp-content/uploads/2025/02/Catalog-v2-720x721.jpg]
[247artists.com/wp-content/uploads/2025/02/Song-Registration-v2-720x720.jpg]
[247artists.com/wp-content/uploads/2025/02/Song-Registration-v1-720x721.jpg]
[247artists.com/wp-content/uploads/2025/02/Payments-v2-720x721.jpg]
[247artists.com/wp-content/uploads/2025/02/Payments-v1-720x721.jpg]
[247artists.com/wp-content/uploads/2025/01/image-83-720x720.jpg]
[247artists.com/wp-content/uploads/2025/02/2-720x1079.jpg]
[247artists.com/wp-content/uploads/2025/02/Perform-720x900.jpg]
[247artists.com/wp-content/uploads/2025/02/Testimonial-Manny-150x150.jpg]
[247artists.com/wp-content/uploads/2025/02/Sarah-150x150.webp]
[247artists.com/wp-content/uploads/2025/05/20160831144814-Wilson-Matt-Headshot-5x7-1-150x150.jpg]
[247artists.com/wp-content/themes/creatorspc/build/js/npm-gsap1759.js]
[247artists.com/wp-content/themes/creatorspc/build/js/main1759.js]
[247artists.com/wp-content/themes/creatorspc/build/js/npm-luge1759.js]
[247artists.com/wp-content/plugins/wp-rocket/assets/js/wpr-beacon.min.js]
[247artists.com/index.html]
[247artists.com/wp-content/themes/creatorspc/static/favicon/favicon.svg]
[247artists.com/wp-content/themes/creatorspc/static/fonts/gellix/Gellix-Regular.woff2]
[247artists.com/wp-content/themes/creatorspc/static/fonts/gellix/Gellix-Regular.woff]
[247artists.com/wp-content/themes/creatorspc/static/fonts/gellix/Gellix-Medium.woff2]
[247artists.com/wp-content/themes/creatorspc/static/fonts/gellix/Gellix-Medium.woff]
[247artists.com/wp-content/themes/creatorspc/static/fonts/gellix/Gellix-SemiBold.woff2]
[247artists.com/wp-content/themes/creatorspc/static/fonts/gellix/Gellix-SemiBold.woff]
[247artists.com/wp-content/themes/creatorspc/static/fonts/gellix8a54.css]
[247artists.com/wp-content/themes/creatorspc/build/css/main1759.css]
[247artists.com/wp-content/themes/creatorspc/build/css/components/site-head-home1759.css]
[247artists.com/wp-content/themes/creatorspc/build/css/components/b-nav-wrapper1759.css]
[247artists.com/wp-content/themes/creatorspc/build/css/components/btn-cta1759.css]
[247artists.com/wp-content/themes/creatorspc/build/css/components/site-foot-alt1759.css]
[247artists.com/wp-content/themes/creatorspc/build/css/components/s-hero-events1759.css]
[247artists.com/wp-content/themes/creatorspc/build/css/components/s-hero-article1759.css]
[247artists.com/wp-content/themes/creatorspc/build/css/components/s-hero-home1759.css]
[247artists.com/wp-content/themes/creatorspc/build/css/components/site-foot1759.css]
[247artists.com/wp-content/themes/creatorspc/static/images/icon-menu-arrow.svg]
[247artists.com/wp-content/themes/creatorspc/static/images/icon-pin.svg]
[247artists.com/wp-content/themes/creatorspc/static/images/icon-glob.svg]
[247artists.com/wp-content/themes/creatorspc/build/css/components/s-hero-event1759.css]
[247artists.com/wp-content/themes/creatorspc/static/images/icon-note.svg]
[247artists.com/wp-content/themes/creatorspc/static/images/tick-pink.svg]
[247artists.com/wp-content/themes/creatorspc/static/images/tick-white.svg]
[247artists.com/wp-content/themes/creatorspc/build/css/components/s-hero-lp1759.css]
[247artists.com/wp-content/themes/creatorspc/build/css/components/site-scrollbar1759.css]
[247artists.com/wp-content/themes/creatorspc/build/css/components/site-head1759.css]
[247artists.com/wp-content/themes/creatorspc/build/css/components/btn-simple1759.css]
[247artists.com/wp-content/themes/creatorspc/build/css/layouts/front-page1759.css]
[247artists.com/wp-content/plugins/incredibles-cookie-consent/assets/css/frontc64e.css]
[247artists.com/wp-includes/css/dist/components/style.min7cf5.css]
[247artists.com/wp-content/mu-plugins/vendor/wpex/godaddy-launch/includes/Dependencies/GoDaddy/Styles/build/latest4c56.css]
[247artists.com/wp-content/themes/creatorspc/static/images/tick-black.svg]
[247artists.com/wp-content/themes/creatorspc/static/images/icon-star.svg]
[247artists.com/wp-content/themes/creatorspc/static/images/icon-select-arrow.svg]
[247artists.com/wp-content/themes/creatorspc/static/images/icon-close-search.svg]
[247artists.com/wp-content/themes/creatorspc/static/images/icon-search.svg]
[247artists.com/wp-content/themes/creatorspc/static/images/icon-quote.svg]
[247artists.com/wp-content/themes/creatorspc/static/images/globe-black.svg]
[247artists.com/wp-content/themes/creatorspc/static/images/pin-black.svg]
[247artists.com/wp-content/themes/creatorspc/build/css/no-script1759.css]
[247artists.com/wp-content/themes/creatorspc/static/images/logo-247.svg]
[247artists.com/wp-content/themes/creatorspc/static/images/logo-247artists.svg]
[247artists.com/wp-content/themes/creatorspc/static/images/warning-black.svg]
[247artists.com/wp-content/themes/creatorspc/build/css/layouts/flexible-page1759.css]
[247artists.com/wp-content/uploads/2025/04/Convert-to-SVG-files-211355-07.svg]
[247artists.com/wp-content/uploads/2025/04/Recording_Academy_Logo.svg]
[247artists.com/wp-content/uploads/2025/04/Convert-to-SVG-files-211355-02.svg]
[247artists.com/wp-content/uploads/2025/04/Convert-to-SVG-files-211355-06.svg]
[247artists.com/wp-content/uploads/2025/04/Convert-to-SVG-files-211355-08.svg]
[247artists.com/wp-content/uploads/2025/04/Convert-to-SVG-files-211355-01.svg]
[247artists.com/wp-content/uploads/2025/10/Untitled-design-2025-10-03T132924.506-150x150.png]
[247artists.com/wp-content/uploads/2025/10/Untitled-design-2025-10-03T140152.146-720x404.png]
[247artists.com/wp-content/uploads/2025/10/Untitled-design-2025-10-21T122007.180-150x150.png]
[247artists.com/wp-content/uploads/2025/10/Untitled-design-2025-10-21T121518.698-720x404.png]
[247artists.com/wp-content/uploads/2025/02/King-Cooley-Release-Secured.jpg]
[247artists.com/wp-content/uploads/2025/02/Trey-Kams-Release-Secured.jpg]
[247artists.com/wp-content/uploads/2025/02/Mannywellz-Release-Secured.jpg]
[247artists.com/workshops/index.html]
[247artists.com/wp-content/uploads/2025/02/Kennedy-Ryon.jpg]
[247artists.com/wp-content/uploads/2025/04/Stefan-Accardo-150x150.png]
[247artists.com/wp-content/uploads/2025/04/53596861777_b8be54b348_k-1280x853.jpg]
[247artists.com/wp-content/uploads/2025/04/james-owen-MuIvHRJbjA8-unsplash.jpg]
[247artists.com/wp-content/uploads/2025/04/soundtrap-CF8fATqx6VM-unsplash-scaled.jpg]
[247artists.com/events/index.html]
[247artists.com/wp-content/uploads/2025/04/dylan-mcleod-VRdZBLqnoMU-unsplash-1.jpg]
[247artists.com/wp-content/themes/creatorspc/build/css/layouts/articles1759.css]
[247artists.com/wp-content/uploads/2025/07/The-Drop-Announcement_Hero-v2-1280x926.jpg]
[247artists.com/category/24-7-newsroom/index.html]
[247artists.com/category/general/index.html]
[247artists.com/category/industry-insights/index.html]
[247artists.com/wp-content/uploads/2025/04/Social-Media-1280x853.png]
[247artists.com/category/the-process/index.html]
[247artists.com/this-is-the-drop/index.html]
[247artists.com/wp-content/uploads/2025/06/u8415624919_diverse_creative_entrepreneur_working_on_laptop_i_e80334e4-10a8-402e-8551-7178ce2a8ea9_0.png]
[247artists.com/social-media-strategies-for-independent-musicians-grow-your-audience-online/index.html]
[247artists.com/wp-content/uploads/2025/04/Blog-Imagea1-1280x853.png]
[247artists.com/tate-financial-tools/index.html]
[247artists.com/wp-content/uploads/2025/06/u8415624919_abstract_visual_of_ai_waveforms_and_artist_silhou_b71f6196-d614-4646-8a75-8c6b4c83f7db_3.png]
[247artists.com/music-funding-for-independent-artists-grants-crowdfunding-and-more/index.html]
[247artists.com/wp-content/uploads/2025/04/speaker-setup-1280x853.png]
[247artists.com/ai-music-is-coming-but-whos-getting-paid/index.html]
[247artists.com/blog/index.html]
[247artists.com/wp-content/uploads/2025/04/Yudu-Teaching-BnW-Photo-1280x853.png]
[247artists.com/why-we-started-24-7-artists/index.html]
[247artists.com/how-to-get-your-music-featured-on-spotify-playlists-and-music-blogs/index.html]
[247artists.com/wp-content/uploads/2025/05/Untitled-design-26.png]
[247artists.com/wp-content/uploads/2025/04/Stefan-Accardo.png]
[247artists.com/wp-content/uploads/2025/05/Vee-headshot-1920x2195.jpg]
[247artists.com/wp-content/uploads/2025/05/KC-headshot-new.png]
[247artists.com/wp-content/uploads/2025/05/BMI-Logo_White.svg]
[247artists.com/wp-content/uploads/2025/05/Berklee_Horizontal_White-2.svg]
[247artists.com/wp-content/uploads/2025/05/Even-Logo_White.svg]
[247artists.com/wp-content/uploads/2025/04/Convert-to-SVG-files-211355-11.svg]
[247artists.com/wp-content/uploads/2025/05/TooLost_White.svg]
[247artists.com/about-us/index.html]
[247artists.com/wp-content/uploads/2025/05/Charta_White.svg]
[247artists.com/legal-notice/index.html]
[247artists.com/wp-content/themes/creatorspc/static/images/icon-social-facebook.svg]
[247artists.com/wp-content/themes/creatorspc/static/images/icon-social-instagram.svg]
[247artists.com/wp-content/themes/creatorspc/static/images/icon-social-x.svg]
[247artists.com/wp-content/themes/creatorspc/static/images/icon-social-youtube.svg]
[247artists.com/wp-admin/admin-ajax.html]
[247artists.com/wp-content/themes/creatorspc/static/images/icon-menu-arrow.svg]
[247artists.com/wp-content/themes/creatorspc/static/images/icon-pin.svg]
[247artists.com/wp-content/themes/creatorspc/static/images/icon-glob.svg]
[247artists.com/wp-content/themes/creatorspc/static/images/icon-note.svg]
[247artists.com/wp-content/themes/creatorspc/static/images/tick-pink.svg]
[247artists.com/wp-content/themes/creatorspc/static/images/tick-white.svg]
[247artists.com/wp-content/themes/creatorspc/static/images/tick-black.svg]
[247artists.com/wp-content/themes/creatorspc/static/images/icon-star.svg]
[247artists.com/wp-content/themes/creatorspc/static/images/icon-select-arrow.svg]
[247artists.com/wp-content/themes/creatorspc/static/images/icon-close-search.svg]
[247artists.com/wp-content/themes/creatorspc/static/images/icon-search.svg]
[247artists.com/wp-content/themes/creatorspc/static/images/icon-quote.svg]
[247artists.com/wp-content/themes/creatorspc/static/images/globe-black.svg]
[247artists.com/wp-content/themes/creatorspc/static/images/pin-black.svg]
[247artists.com/wp-content/themes/creatorspc/static/images/warning-black.svg]
[247artists.com/wp-content/themes/creatorspc/build/css/layouts/flexible-page1759.css]
[247artists.com/wp-content/uploads/2025/04/Convert-to-SVG-files-211355-07.svg]
[247artists.com/wp-content/uploads/2025/04/Recording_Academy_Logo.svg]
[247artists.com/wp-content/uploads/2025/04/Convert-to-SVG-files-211355-02.svg]
[247artists.com/wp-content/uploads/2025/04/Convert-to-SVG-files-211355-06.svg]
[247artists.com/wp-content/uploads/2025/04/Convert-to-SVG-files-211355-08.svg]
[247artists.com/wp-content/uploads/2025/04/Convert-to-SVG-files-211355-01.svg]
[247artists.com/wp-content/themes/creatorspc/build/css/layouts/articles1759.css]
[247artists.com/category/24-7-newsroom/index.html]
[247artists.com/category/general/index.html]
[247artists.com/category/industry-insights/index.html]
[247artists.com/category/the-process/index.html]
[247artists.com/wp-content/themes/creatorspc/build/css/layouts/page1759.css]
[247artists.com/wp-content/themes/creatorspc/build/css/layouts/article1759.css]
[247artists.com/wp-content/uploads/2025/07/The-Drop-Announcement_Hero-v2-1920x1388.jpg]
[247artists.com/wp-content/uploads/2025/07/Blog_The-Drop-Announcement_Produce-the-Beat-1280x927.jpg]
[247artists.com/wp-content/uploads/2025/07/Blog_The-Drop-Announcement_Write-The-Song-1280x927.jpg]
[247artists.com/wp-content/uploads/2025/07/Blog_The-Drop-Announcement_Make-the-Artwork-1280x927.jpg]
[247artists.com/this-is-the-drop/index.html]
[247artists.com/wp-content/uploads/2025/07/Blog_The-Drop-Announcement_Release-The-Song-1280x927.jpg]
[247artists.com/wp-content/uploads/2025/04/Social-Media.png]
[247artists.com/wp-content/uploads/2025/04/Socialimage-1280x853.png]
[247artists.com/wp-content/uploads/2025/04/Studio-Image-1280x853.png]
[247artists.com/wp-content/uploads/2025/04/artist-on-stage-1280x853.png]
[247artists.com/social-media-strategies-for-independent-musicians-grow-your-audience-online/index.html]
[247artists.com/wp-content/uploads/2025/06/u8415624919_young_independent_musician_or_designer_looking_ov_12374a56-0990-4e94-97b1-f4192575568b_1.png]
[247artists.com/wp-content/uploads/2025/06/Xero-Logo.svg]
[247artists.com/wp-content/uploads/2025/06/Bill.com_Logo_2019-1920x465.png]
[247artists.com/wp-content/uploads/2025/06/solution_logo_08292022_31610321.png]
[247artists.com/wp-content/uploads/2025/06/374719e2-45ee-47b5-a97e-ee6d42fdf841-1661887287666.png]
[247artists.com/wp-content/uploads/2025/06/LastPass_logo.svg-1920x281.png]
[247artists.com/wp-content/uploads/2025/06/u8415624919_young_creative_entrepreneur_standing_confidently__07f39921-2afc-4b9b-8506-4f216dfbef70_1.png]
[247artists.com/tate-financial-tools/index.html]
[247artists.com/wp-content/uploads/2025/06/u8415624919_female_musician_performing_on_stage_hopeful_and_e_d0a1aef4-3504-4171-b003-6e26b5cd0934_1.png]
[247artists.com/wp-content/uploads/2025/04/Blog-Imagea1.png]
[247artists.com/wp-content/uploads/2025/04/u8415624919_musician_writing_a_grant_proposal_on_a_laptop_at__a15fc3c5-3826-436c-b29c-0d72cd2714e3_2.png]
[247artists.com/wp-content/uploads/2025/04/27991765120_169ed8453a_c.jpg]
[247artists.com/wp-content/uploads/2025/04/25529293671_fa8a32d8ff_c.jpg]
[247artists.com/wp-content/uploads/2025/04/49174799737_ab8c45405d_c.jpg]
[247artists.com/wp-content/uploads/2025/04/54004743121_4199d55269_k-1280x852.jpg]
[247artists.com/music-funding-for-independent-artists-grants-crowdfunding-and-more/index.html]
[247artists.com/wp-content/uploads/2025/06/u8415624919_a_teen_with_headphones_on_browsing_music_on_a_tab_78dffcea-a993-45ec-bf4e-2b8361ed2296_2.png]
[247artists.com/wp-content/uploads/2025/06/u8415624919_visual_elements_like_redlines_on_a_royalty_statem_1599f827-c12b-4eee-9ab8-83fb0d92074e_2.png]
[247artists.com/wp-content/uploads/2025/06/u8415624919_film_set_with_green_screens_-ar_43_-v_6.1_cea6ec99-45c6-403b-8f30-ac5d46aecc1b_2.png]
[247artists.com/wp-content/uploads/2025/06/u8415624919_hands_on_mpc_with_digital_interface_glowing_-ar__faa5a554-bd8b-4def-abbe-56c00064590a_3.png]
[247artists.com/wp-content/uploads/2025/06/Its-On-Us-to-Build-This-Right.png]
[247artists.com/ai-music-is-coming-but-whos-getting-paid/index.html]
[247artists.com/wp-content/uploads/2025/06/u8415624919_overlay_of_ai_waveform_on_crowd_of_people_-ar_43_8c7b76c8-324c-4087-b8ed-3dbc292a5ee1_0.png]
[247artists.com/wp-content/uploads/2025/04/speaker-setup.png]
[247artists.com/wp-content/uploads/2025/04/artist-crying-1280x853.png]
[247artists.com/wp-content/uploads/2025/04/artist-spotify-grid-1280x853.png]
[247artists.com/wp-content/uploads/2025/04/playlist-pitch-1280x853.png]
[247artists.com/how-to-get-your-music-featured-on-spotify-playlists-and-music-blogs/index.html]
[247artists.com/wp-content/uploads/2025/04/airtable-example-1280x853.png]
[247artists.com/wp-content/uploads/2025/04/Yudu-Teaching-BnW-Photo.png]
[247artists.com/wp-content/uploads/2025/04/41238697775_89ecf9ed6a_k-1280x853.jpg]
[247artists.com/wp-content/uploads/2025/04/53897516349_e5269a14d1_k-1280x854.jpg]
[247artists.com/why-we-started-24-7-artists/index.html]
[247artists.com/wp-content/uploads/2025/05/BMI-Logo_White.svg]
[247artists.com/wp-content/uploads/2025/05/Berklee_Horizontal_White-2.svg]
[247artists.com/wp-content/uploads/2025/05/Even-Logo_White.svg]
[247artists.com/wp-content/uploads/2025/04/Convert-to-SVG-files-211355-11.svg]
[247artists.com/wp-content/uploads/2025/05/TooLost_White.svg]
[247artists.com/wp-content/uploads/2025/05/Charta_White.svg]
[247artists.com/wp-content/themes/creatorspc/build/css/layouts/page1759.css]
[247artists.com/wp-content/themes/creatorspc/build/css/layouts/article1759.css]
[247artists.com/wp-content/uploads/2025/02/Build-website-1920x1920.png]
[247artists.com/wp-content/uploads/2025/06/xero.svg]
[247artists.com/wp-content/uploads/2025/06/Xero-Logo.svg]
[247artists.com/wp-content/uploads/2025/06/xero.html]
[247artists.com/wp-content/uploads/2025/06/index.html]
[247artists.com/wp-content/uploads/2025/06/index.html]
